{"sessionId":"1e6561","runId":"initial","hypothesisId":"H1","location":"actions\/generate.php:entry","message":"generate endpoint hit","data":{"method":"POST","content_type":"application\/json","session_role":"admin","has_user_id":true},"timestamp":1775559302449}
{"sessionId":"1e6561","runId":"post-fix","hypothesisId":"H6","location":"actions\/generate.php:ensure_course_faculty","message":"ensured course_faculty table exists","data":{"db_error":""},"timestamp":1775559302450}
{"sessionId":"1e6561","runId":"initial","hypothesisId":"H2","location":"actions\/generate.php:input","message":"parsed generate input","data":{"raw_len":71,"academic_session_id":2,"semester":1,"section":"A","clear_first":true,"input_keys":["academic_session_id","semester","section","clear_first"]},"timestamp":1775559302450}
{"sessionId":"1e6561","runId":"initial","hypothesisId":"H6","location":"actions\/generate.php:checkpoint_after_input","message":"after input checkpoint","data":[],"timestamp":1775559302451}
{"sessionId":"1e6561","runId":"initial","hypothesisId":"H6","location":"actions\/generate.php:clear_first","message":"attempting clear_first delete prepare","data":{"session_id":2,"semester":1,"section":"A"},"timestamp":1775559302451}
{"sessionId":"1e6561","runId":"initial","hypothesisId":"H6","location":"actions\/generate.php:clear_first_prepare","message":"clear_first prepare result","data":{"prepare_ok":true,"db_error":""},"timestamp":1775559302451}
{"sessionId":"1e6561","runId":"initial","hypothesisId":"H3","location":"actions\/generate.php:success","message":"generate finished","data":{"inserted":20,"unplaced_count":4,"elapsed_seconds":0.11},"timestamp":1775559302557}
{"sessionId":"1e6561","runId":"initial","hypothesisId":"H6","location":"actions\/generate.php:shutdown","message":"php shutdown clean","data":[],"timestamp":1775559302558}
{"sessionId":"1e6561","runId":"initial","hypothesisId":"H1","location":"actions\/generate.php:entry","message":"generate endpoint hit","data":{"method":"POST","content_type":"application\/json","session_role":"admin","has_user_id":true},"timestamp":1775561506510}
{"sessionId":"1e6561","runId":"post-fix","hypothesisId":"H6","location":"actions\/generate.php:ensure_course_faculty","message":"ensured course_faculty table exists","data":{"db_error":""},"timestamp":1775561506511}
{"sessionId":"1e6561","runId":"initial","hypothesisId":"H2","location":"actions\/generate.php:input","message":"parsed generate input","data":{"raw_len":71,"academic_session_id":5,"semester":1,"section":"A","clear_first":true,"input_keys":["academic_session_id","semester","section","clear_first"]},"timestamp":1775561506511}
{"sessionId":"1e6561","runId":"initial","hypothesisId":"H6","location":"actions\/generate.php:checkpoint_after_input","message":"after input checkpoint","data":[],"timestamp":1775561506512}
{"sessionId":"1e6561","runId":"initial","hypothesisId":"H6","location":"actions\/generate.php:clear_first","message":"attempting clear_first delete prepare","data":{"session_id":5,"semester":1,"section":"A"},"timestamp":1775561506512}
{"sessionId":"1e6561","runId":"initial","hypothesisId":"H6","location":"actions\/generate.php:clear_first_prepare","message":"clear_first prepare result","data":{"prepare_ok":true,"db_error":""},"timestamp":1775561506512}
{"sessionId":"1e6561","runId":"initial","hypothesisId":"H3","location":"actions\/generate.php:success","message":"generate finished","data":{"inserted":20,"unplaced_count":4,"elapsed_seconds":0.19},"timestamp":1775561506698}
{"sessionId":"1e6561","runId":"initial","hypothesisId":"H6","location":"actions\/generate.php:shutdown","message":"php shutdown clean","data":[],"timestamp":1775561506698}
{"sessionId":"1e6561","runId":"initial","hypothesisId":"H1","location":"actions\/generate.php:entry","message":"generate endpoint hit","data":{"method":"POST","content_type":"application\/json","session_role":"admin","has_user_id":true},"timestamp":1775562324096}
{"sessionId":"1e6561","runId":"post-fix","hypothesisId":"H6","location":"actions\/generate.php:ensure_course_faculty","message":"ensured course_faculty table exists","data":{"db_error":""},"timestamp":1775562324097}
{"sessionId":"1e6561","runId":"initial","hypothesisId":"H2","location":"actions\/generate.php:input","message":"parsed generate input","data":{"raw_len":71,"academic_session_id":5,"semester":1,"section":"A","clear_first":true,"input_keys":["academic_session_id","semester","section","clear_first"]},"timestamp":1775562324097}
{"sessionId":"1e6561","runId":"initial","hypothesisId":"H6","location":"actions\/generate.php:checkpoint_after_input","message":"after input checkpoint","data":[],"timestamp":1775562324097}
{"sessionId":"1e6561","runId":"initial","hypothesisId":"H6","location":"actions\/generate.php:clear_first","message":"attempting clear_first delete prepare","data":{"session_id":5,"semester":1,"section":"A"},"timestamp":1775562324097}
{"sessionId":"1e6561","runId":"initial","hypothesisId":"H6","location":"actions\/generate.php:clear_first_prepare","message":"clear_first prepare result","data":{"prepare_ok":true,"db_error":""},"timestamp":1775562324098}
{"sessionId":"1e6561","runId":"initial","hypothesisId":"H3","location":"actions\/generate.php:success","message":"generate finished","data":{"inserted":20,"unplaced_count":4,"elapsed_seconds":0.17},"timestamp":1775562324266}
{"sessionId":"1e6561","runId":"initial","hypothesisId":"H6","location":"actions\/generate.php:shutdown","message":"php shutdown clean","data":[],"timestamp":1775562324267}
{"sessionId":"1e6561","runId":"initial","hypothesisId":"H1","location":"actions\/generate.php:entry","message":"generate endpoint hit","data":{"method":"POST","content_type":"application\/json","session_role":"admin","has_user_id":true},"timestamp":1775571456446}
{"sessionId":"1e6561","runId":"post-fix","hypothesisId":"H6","location":"actions\/generate.php:ensure_course_faculty","message":"ensured course_faculty table exists","data":{"db_error":""},"timestamp":1775571456447}
{"sessionId":"1e6561","runId":"initial","hypothesisId":"H2","location":"actions\/generate.php:input","message":"parsed generate input","data":{"raw_len":71,"academic_session_id":1,"semester":2,"section":"A","clear_first":true,"input_keys":["academic_session_id","semester","section","clear_first"]},"timestamp":1775571456447}
{"sessionId":"1e6561","runId":"initial","hypothesisId":"H6","location":"actions\/generate.php:checkpoint_after_input","message":"after input checkpoint","data":[],"timestamp":1775571456447}
{"sessionId":"1e6561","runId":"initial","hypothesisId":"H6","location":"actions\/generate.php:clear_first","message":"attempting clear_first delete prepare","data":{"session_id":1,"semester":2,"section":"A"},"timestamp":1775571456448}
{"sessionId":"1e6561","runId":"initial","hypothesisId":"H6","location":"actions\/generate.php:clear_first_prepare","message":"clear_first prepare result","data":{"prepare_ok":true,"db_error":""},"timestamp":1775571456448}
{"sessionId":"1e6561","runId":"initial","hypothesisId":"H3","location":"actions\/generate.php:success","message":"generate finished","data":{"inserted":17,"unplaced_count":0,"elapsed_seconds":0.28},"timestamp":1775571456724}
{"sessionId":"1e6561","runId":"initial","hypothesisId":"H6","location":"actions\/generate.php:shutdown","message":"php shutdown clean","data":[],"timestamp":1775571456724}
{"sessionId":"1e6561","runId":"initial","hypothesisId":"H1","location":"actions\/generate.php:entry","message":"generate endpoint hit","data":{"method":"POST","content_type":"application\/json","session_role":"admin","has_user_id":true},"timestamp":1775572297791}
{"sessionId":"1e6561","runId":"post-fix","hypothesisId":"H6","location":"actions\/generate.php:ensure_course_faculty","message":"ensured course_faculty table exists","data":{"db_error":""},"timestamp":1775572297791}
{"sessionId":"1e6561","runId":"initial","hypothesisId":"H2","location":"actions\/generate.php:input","message":"parsed generate input","data":{"raw_len":71,"academic_session_id":3,"semester":1,"section":"A","clear_first":true,"input_keys":["academic_session_id","semester","section","clear_first"]},"timestamp":1775572297791}
{"sessionId":"1e6561","runId":"initial","hypothesisId":"H6","location":"actions\/generate.php:checkpoint_after_input","message":"after input checkpoint","data":[],"timestamp":1775572297792}
{"sessionId":"1e6561","runId":"initial","hypothesisId":"H6","location":"actions\/generate.php:clear_first","message":"attempting clear_first delete prepare","data":{"session_id":3,"semester":1,"section":"A"},"timestamp":1775572297792}
{"sessionId":"1e6561","runId":"initial","hypothesisId":"H6","location":"actions\/generate.php:clear_first_prepare","message":"clear_first prepare result","data":{"prepare_ok":true,"db_error":""},"timestamp":1775572297792}
{"sessionId":"1e6561","runId":"initial","hypothesisId":"H3","location":"actions\/generate.php:success","message":"generate finished","data":{"inserted":18,"unplaced_count":0,"elapsed_seconds":0.3},"timestamp":1775572298097}
{"sessionId":"1e6561","runId":"initial","hypothesisId":"H6","location":"actions\/generate.php:shutdown","message":"php shutdown clean","data":[],"timestamp":1775572298097}
{"sessionId":"1e6561","runId":"initial","hypothesisId":"H1","location":"actions\/generate.php:entry","message":"generate endpoint hit","data":{"method":"POST","content_type":"application\/json","session_role":"admin","has_user_id":true},"timestamp":1775572342558}
{"sessionId":"1e6561","runId":"post-fix","hypothesisId":"H6","location":"actions\/generate.php:ensure_course_faculty","message":"ensured course_faculty table exists","data":{"db_error":""},"timestamp":1775572342559}
{"sessionId":"1e6561","runId":"initial","hypothesisId":"H2","location":"actions\/generate.php:input","message":"parsed generate input","data":{"raw_len":71,"academic_session_id":1,"semester":2,"section":"A","clear_first":true,"input_keys":["academic_session_id","semester","section","clear_first"]},"timestamp":1775572342559}
{"sessionId":"1e6561","runId":"initial","hypothesisId":"H6","location":"actions\/generate.php:checkpoint_after_input","message":"after input checkpoint","data":[],"timestamp":1775572342559}
{"sessionId":"1e6561","runId":"initial","hypothesisId":"H6","location":"actions\/generate.php:clear_first","message":"attempting clear_first delete prepare","data":{"session_id":1,"semester":2,"section":"A"},"timestamp":1775572342560}
{"sessionId":"1e6561","runId":"initial","hypothesisId":"H6","location":"actions\/generate.php:clear_first_prepare","message":"clear_first prepare result","data":{"prepare_ok":true,"db_error":""},"timestamp":1775572342560}
{"sessionId":"1e6561","runId":"initial","hypothesisId":"H3","location":"actions\/generate.php:success","message":"generate finished","data":{"inserted":17,"unplaced_count":0,"elapsed_seconds":0.14},"timestamp":1775572342701}
{"sessionId":"1e6561","runId":"initial","hypothesisId":"H6","location":"actions\/generate.php:shutdown","message":"php shutdown clean","data":[],"timestamp":1775572342701}
{"sessionId":"1e6561","runId":"initial","hypothesisId":"H1","location":"actions\/generate.php:entry","message":"generate endpoint hit","data":{"method":"POST","content_type":"application\/json","session_role":"admin","has_user_id":true},"timestamp":1775575384063}
{"sessionId":"1e6561","runId":"post-fix","hypothesisId":"H6","location":"actions\/generate.php:ensure_course_faculty","message":"ensured course_faculty table exists","data":{"db_error":""},"timestamp":1775575384064}
{"sessionId":"1e6561","runId":"initial","hypothesisId":"H2","location":"actions\/generate.php:input","message":"parsed generate input","data":{"raw_len":71,"academic_session_id":1,"semester":2,"section":"A","clear_first":true,"input_keys":["academic_session_id","semester","section","clear_first"]},"timestamp":1775575384064}
{"sessionId":"1e6561","runId":"initial","hypothesisId":"H6","location":"actions\/generate.php:checkpoint_after_input","message":"after input checkpoint","data":[],"timestamp":1775575384064}
{"sessionId":"1e6561","runId":"initial","hypothesisId":"H6","location":"actions\/generate.php:clear_first","message":"attempting clear_first delete prepare","data":{"session_id":1,"semester":2,"section":"A"},"timestamp":1775575384065}
{"sessionId":"1e6561","runId":"initial","hypothesisId":"H6","location":"actions\/generate.php:clear_first_prepare","message":"clear_first prepare result","data":{"prepare_ok":true,"db_error":""},"timestamp":1775575384065}
{"sessionId":"1e6561","runId":"initial","hypothesisId":"H3","location":"actions\/generate.php:success","message":"generate finished","data":{"inserted":17,"unplaced_count":0,"elapsed_seconds":0.3},"timestamp":1775575384361}
{"sessionId":"1e6561","runId":"initial","hypothesisId":"H6","location":"actions\/generate.php:shutdown","message":"php shutdown clean","data":[],"timestamp":1775575384361}
{"sessionId":"1e6561","runId":"initial","hypothesisId":"H1","location":"actions\/generate.php:entry","message":"generate endpoint hit","data":{"method":"POST","content_type":"application\/json","session_role":"admin","has_user_id":true},"timestamp":1775576018882}
{"sessionId":"1e6561","runId":"post-fix","hypothesisId":"H6","location":"actions\/generate.php:ensure_course_faculty","message":"ensured course_faculty table exists","data":{"db_error":""},"timestamp":1775576018883}
{"sessionId":"1e6561","runId":"initial","hypothesisId":"H2","location":"actions\/generate.php:input","message":"parsed generate input","data":{"raw_len":71,"academic_session_id":1,"semester":2,"section":"A","clear_first":true,"input_keys":["academic_session_id","semester","section","clear_first"]},"timestamp":1775576018883}
{"sessionId":"1e6561","runId":"initial","hypothesisId":"H6","location":"actions\/generate.php:checkpoint_after_input","message":"after input checkpoint","data":[],"timestamp":1775576018883}
{"sessionId":"1e6561","runId":"initial","hypothesisId":"H6","location":"actions\/generate.php:clear_first","message":"attempting clear_first delete prepare","data":{"session_id":1,"semester":2,"section":"A"},"timestamp":1775576018884}
{"sessionId":"1e6561","runId":"initial","hypothesisId":"H6","location":"actions\/generate.php:clear_first_prepare","message":"clear_first prepare result","data":{"prepare_ok":true,"db_error":""},"timestamp":1775576018884}
{"sessionId":"1e6561","runId":"initial","hypothesisId":"H3","location":"actions\/generate.php:success","message":"generate finished","data":{"inserted":17,"unplaced_count":0,"elapsed_seconds":0.16},"timestamp":1775576019044}
{"sessionId":"1e6561","runId":"initial","hypothesisId":"H6","location":"actions\/generate.php:shutdown","message":"php shutdown clean","data":[],"timestamp":1775576019044}
{"sessionId":"1e6561","runId":"initial","hypothesisId":"H1","location":"actions\/generate.php:entry","message":"generate endpoint hit","data":{"method":"POST","content_type":"application\/json","session_role":"admin","has_user_id":true},"timestamp":1775576376233}
{"sessionId":"1e6561","runId":"post-fix","hypothesisId":"H6","location":"actions\/generate.php:ensure_course_faculty","message":"ensured course_faculty table exists","data":{"db_error":""},"timestamp":1775576376233}
{"sessionId":"1e6561","runId":"initial","hypothesisId":"H2","location":"actions\/generate.php:input","message":"parsed generate input","data":{"raw_len":71,"academic_session_id":1,"semester":2,"section":"A","clear_first":true,"input_keys":["academic_session_id","semester","section","clear_first"]},"timestamp":1775576376234}
{"sessionId":"1e6561","runId":"initial","hypothesisId":"H6","location":"actions\/generate.php:checkpoint_after_input","message":"after input checkpoint","data":[],"timestamp":1775576376234}
{"sessionId":"1e6561","runId":"initial","hypothesisId":"H6","location":"actions\/generate.php:clear_first","message":"attempting clear_first delete prepare","data":{"session_id":1,"semester":2,"section":"A"},"timestamp":1775576376234}
{"sessionId":"1e6561","runId":"initial","hypothesisId":"H6","location":"actions\/generate.php:clear_first_prepare","message":"clear_first prepare result","data":{"prepare_ok":true,"db_error":""},"timestamp":1775576376234}
{"sessionId":"1e6561","runId":"initial","hypothesisId":"H3","location":"actions\/generate.php:success","message":"generate finished","data":{"inserted":17,"unplaced_count":0,"elapsed_seconds":0.16},"timestamp":1775576376396}
{"sessionId":"1e6561","runId":"initial","hypothesisId":"H6","location":"actions\/generate.php:shutdown","message":"php shutdown clean","data":[],"timestamp":1775576376396}
{"sessionId":"1e6561","runId":"initial","hypothesisId":"H1","location":"actions\/generate.php:entry","message":"generate endpoint hit","data":{"method":"POST","content_type":"application\/json","session_role":"admin","has_user_id":true},"timestamp":1775576394171}
{"sessionId":"1e6561","runId":"post-fix","hypothesisId":"H6","location":"actions\/generate.php:ensure_course_faculty","message":"ensured course_faculty table exists","data":{"db_error":""},"timestamp":1775576394172}
{"sessionId":"1e6561","runId":"initial","hypothesisId":"H2","location":"actions\/generate.php:input","message":"parsed generate input","data":{"raw_len":71,"academic_session_id":1,"semester":2,"section":"A","clear_first":true,"input_keys":["academic_session_id","semester","section","clear_first"]},"timestamp":1775576394172}
{"sessionId":"1e6561","runId":"initial","hypothesisId":"H6","location":"actions\/generate.php:checkpoint_after_input","message":"after input checkpoint","data":[],"timestamp":1775576394172}
{"sessionId":"1e6561","runId":"initial","hypothesisId":"H6","location":"actions\/generate.php:clear_first","message":"attempting clear_first delete prepare","data":{"session_id":1,"semester":2,"section":"A"},"timestamp":1775576394172}
{"sessionId":"1e6561","runId":"initial","hypothesisId":"H6","location":"actions\/generate.php:clear_first_prepare","message":"clear_first prepare result","data":{"prepare_ok":true,"db_error":""},"timestamp":1775576394173}
{"sessionId":"1e6561","runId":"initial","hypothesisId":"H3","location":"actions\/generate.php:success","message":"generate finished","data":{"inserted":17,"unplaced_count":0,"elapsed_seconds":0.16},"timestamp":1775576394328}
{"sessionId":"1e6561","runId":"initial","hypothesisId":"H6","location":"actions\/generate.php:shutdown","message":"php shutdown clean","data":[],"timestamp":1775576394328}
{"sessionId":"1e6561","runId":"initial","hypothesisId":"H1","location":"actions\/generate.php:entry","message":"generate endpoint hit","data":{"method":"POST","content_type":"application\/json","session_role":"admin","has_user_id":true},"timestamp":1775576464660}
{"sessionId":"1e6561","runId":"post-fix","hypothesisId":"H6","location":"actions\/generate.php:ensure_course_faculty","message":"ensured course_faculty table exists","data":{"db_error":""},"timestamp":1775576464661}
{"sessionId":"1e6561","runId":"initial","hypothesisId":"H2","location":"actions\/generate.php:input","message":"parsed generate input","data":{"raw_len":71,"academic_session_id":1,"semester":2,"section":"A","clear_first":true,"input_keys":["academic_session_id","semester","section","clear_first"]},"timestamp":1775576464661}
{"sessionId":"1e6561","runId":"initial","hypothesisId":"H6","location":"actions\/generate.php:checkpoint_after_input","message":"after input checkpoint","data":[],"timestamp":1775576464661}
{"sessionId":"1e6561","runId":"initial","hypothesisId":"H6","location":"actions\/generate.php:clear_first","message":"attempting clear_first delete prepare","data":{"session_id":1,"semester":2,"section":"A"},"timestamp":1775576464662}
{"sessionId":"1e6561","runId":"initial","hypothesisId":"H6","location":"actions\/generate.php:clear_first_prepare","message":"clear_first prepare result","data":{"prepare_ok":true,"db_error":""},"timestamp":1775576464662}
{"sessionId":"1e6561","runId":"initial","hypothesisId":"H3","location":"actions\/generate.php:success","message":"generate finished","data":{"inserted":17,"unplaced_count":0,"elapsed_seconds":0.16},"timestamp":1775576464821}
{"sessionId":"1e6561","runId":"initial","hypothesisId":"H6","location":"actions\/generate.php:shutdown","message":"php shutdown clean","data":[],"timestamp":1775576464821}
{"sessionId":"1e6561","runId":"initial","hypothesisId":"H1","location":"actions\/generate.php:entry","message":"generate endpoint hit","data":{"method":"POST","content_type":"application\/json","session_role":"admin","has_user_id":true},"timestamp":1775584613104}
{"sessionId":"1e6561","runId":"post-fix","hypothesisId":"H6","location":"actions\/generate.php:ensure_course_faculty","message":"ensured course_faculty table exists","data":{"db_error":""},"timestamp":1775584613104}
{"sessionId":"1e6561","runId":"initial","hypothesisId":"H2","location":"actions\/generate.php:input","message":"parsed generate input","data":{"raw_len":71,"academic_session_id":1,"semester":2,"section":"A","clear_first":true,"input_keys":["academic_session_id","semester","section","clear_first"]},"timestamp":1775584613104}
{"sessionId":"1e6561","runId":"initial","hypothesisId":"H6","location":"actions\/generate.php:checkpoint_after_input","message":"after input checkpoint","data":[],"timestamp":1775584613105}
{"sessionId":"1e6561","runId":"initial","hypothesisId":"H6","location":"actions\/generate.php:clear_first","message":"attempting clear_first delete prepare","data":{"session_id":1,"semester":2,"section":"A"},"timestamp":1775584613105}
{"sessionId":"1e6561","runId":"initial","hypothesisId":"H6","location":"actions\/generate.php:clear_first_prepare","message":"clear_first prepare result","data":{"prepare_ok":true,"db_error":""},"timestamp":1775584613105}
{"sessionId":"1e6561","runId":"initial","hypothesisId":"H3","location":"actions\/generate.php:success","message":"generate finished","data":{"inserted":17,"unplaced_count":0,"elapsed_seconds":0.15},"timestamp":1775584613259}
{"sessionId":"1e6561","runId":"initial","hypothesisId":"H6","location":"actions\/generate.php:shutdown","message":"php shutdown clean","data":[],"timestamp":1775584613260}
{"sessionId":"1e6561","runId":"initial","hypothesisId":"H1","location":"actions\/generate.php:entry","message":"generate endpoint hit","data":{"method":"POST","content_type":"application\/json","session_role":"admin","has_user_id":true},"timestamp":1775585477847}
{"sessionId":"1e6561","runId":"post-fix","hypothesisId":"H6","location":"actions\/generate.php:ensure_course_faculty","message":"ensured course_faculty table exists","data":{"db_error":""},"timestamp":1775585477847}
{"sessionId":"1e6561","runId":"initial","hypothesisId":"H2","location":"actions\/generate.php:input","message":"parsed generate input","data":{"raw_len":71,"academic_session_id":1,"semester":2,"section":"A","clear_first":true,"input_keys":["academic_session_id","semester","section","clear_first"]},"timestamp":1775585477847}
{"sessionId":"1e6561","runId":"initial","hypothesisId":"H6","location":"actions\/generate.php:checkpoint_after_input","message":"after input checkpoint","data":[],"timestamp":1775585477848}
{"sessionId":"1e6561","runId":"initial","hypothesisId":"H6","location":"actions\/generate.php:clear_first","message":"attempting clear_first delete prepare","data":{"session_id":1,"semester":2,"section":"A"},"timestamp":1775585477848}
{"sessionId":"1e6561","runId":"initial","hypothesisId":"H6","location":"actions\/generate.php:clear_first_prepare","message":"clear_first prepare result","data":{"prepare_ok":true,"db_error":""},"timestamp":1775585477848}
{"sessionId":"1e6561","runId":"initial","hypothesisId":"H3","location":"actions\/generate.php:success","message":"generate finished","data":{"inserted":17,"unplaced_count":0,"elapsed_seconds":0.31},"timestamp":1775585478160}
{"sessionId":"1e6561","runId":"initial","hypothesisId":"H6","location":"actions\/generate.php:shutdown","message":"php shutdown clean","data":[],"timestamp":1775585478160}
{"sessionId":"1e6561","runId":"initial","hypothesisId":"H1","location":"actions\/generate.php:entry","message":"generate endpoint hit","data":{"method":"POST","content_type":"application\/json","session_role":"admin","has_user_id":true},"timestamp":1775585839285}
{"sessionId":"1e6561","runId":"post-fix","hypothesisId":"H6","location":"actions\/generate.php:ensure_course_faculty","message":"ensured course_faculty table exists","data":{"db_error":""},"timestamp":1775585839285}
{"sessionId":"1e6561","runId":"initial","hypothesisId":"H2","location":"actions\/generate.php:input","message":"parsed generate input","data":{"raw_len":71,"academic_session_id":1,"semester":2,"section":"A","clear_first":true,"input_keys":["academic_session_id","semester","section","clear_first"]},"timestamp":1775585839286}
{"sessionId":"1e6561","runId":"initial","hypothesisId":"H6","location":"actions\/generate.php:checkpoint_after_input","message":"after input checkpoint","data":[],"timestamp":1775585839286}
{"sessionId":"1e6561","runId":"initial","hypothesisId":"H6","location":"actions\/generate.php:clear_first","message":"attempting clear_first delete prepare","data":{"session_id":1,"semester":2,"section":"A"},"timestamp":1775585839286}
{"sessionId":"1e6561","runId":"initial","hypothesisId":"H6","location":"actions\/generate.php:clear_first_prepare","message":"clear_first prepare result","data":{"prepare_ok":true,"db_error":""},"timestamp":1775585839286}
{"sessionId":"1e6561","runId":"initial","hypothesisId":"H3","location":"actions\/generate.php:success","message":"generate finished","data":{"inserted":17,"unplaced_count":0,"elapsed_seconds":0.3},"timestamp":1775585839591}
{"sessionId":"1e6561","runId":"initial","hypothesisId":"H6","location":"actions\/generate.php:shutdown","message":"php shutdown clean","data":[],"timestamp":1775585839591}
{"sessionId":"1e6561","runId":"initial","hypothesisId":"H1","location":"actions\/generate.php:entry","message":"generate endpoint hit","data":{"method":"POST","content_type":"application\/json","session_role":"admin","has_user_id":true},"timestamp":1775585896064}
{"sessionId":"1e6561","runId":"post-fix","hypothesisId":"H6","location":"actions\/generate.php:ensure_course_faculty","message":"ensured course_faculty table exists","data":{"db_error":""},"timestamp":1775585896064}
{"sessionId":"1e6561","runId":"initial","hypothesisId":"H2","location":"actions\/generate.php:input","message":"parsed generate input","data":{"raw_len":71,"academic_session_id":2,"semester":2,"section":"A","clear_first":true,"input_keys":["academic_session_id","semester","section","clear_first"]},"timestamp":1775585896065}
{"sessionId":"1e6561","runId":"initial","hypothesisId":"H6","location":"actions\/generate.php:checkpoint_after_input","message":"after input checkpoint","data":[],"timestamp":1775585896065}
{"sessionId":"1e6561","runId":"initial","hypothesisId":"H6","location":"actions\/generate.php:clear_first","message":"attempting clear_first delete prepare","data":{"session_id":2,"semester":2,"section":"A"},"timestamp":1775585896065}
{"sessionId":"1e6561","runId":"initial","hypothesisId":"H6","location":"actions\/generate.php:clear_first_prepare","message":"clear_first prepare result","data":{"prepare_ok":true,"db_error":""},"timestamp":1775585896065}
{"sessionId":"1e6561","runId":"initial","hypothesisId":"H3","location":"actions\/generate.php:success","message":"generate finished","data":{"inserted":17,"unplaced_count":0,"elapsed_seconds":0.14},"timestamp":1775585896202}
{"sessionId":"1e6561","runId":"initial","hypothesisId":"H6","location":"actions\/generate.php:shutdown","message":"php shutdown clean","data":[],"timestamp":1775585896203}
{"sessionId":"1e6561","runId":"initial","hypothesisId":"H1","location":"actions\/generate.php:entry","message":"generate endpoint hit","data":{"method":"POST","content_type":"application\/json","session_role":"admin","has_user_id":true},"timestamp":1775585900456}
{"sessionId":"1e6561","runId":"post-fix","hypothesisId":"H6","location":"actions\/generate.php:ensure_course_faculty","message":"ensured course_faculty table exists","data":{"db_error":""},"timestamp":1775585900456}
{"sessionId":"1e6561","runId":"initial","hypothesisId":"H2","location":"actions\/generate.php:input","message":"parsed generate input","data":{"raw_len":71,"academic_session_id":4,"semester":2,"section":"A","clear_first":true,"input_keys":["academic_session_id","semester","section","clear_first"]},"timestamp":1775585900457}
{"sessionId":"1e6561","runId":"initial","hypothesisId":"H6","location":"actions\/generate.php:checkpoint_after_input","message":"after input checkpoint","data":[],"timestamp":1775585900457}
{"sessionId":"1e6561","runId":"initial","hypothesisId":"H6","location":"actions\/generate.php:clear_first","message":"attempting clear_first delete prepare","data":{"session_id":4,"semester":2,"section":"A"},"timestamp":1775585900457}
{"sessionId":"1e6561","runId":"initial","hypothesisId":"H6","location":"actions\/generate.php:clear_first_prepare","message":"clear_first prepare result","data":{"prepare_ok":true,"db_error":""},"timestamp":1775585900457}
{"sessionId":"1e6561","runId":"initial","hypothesisId":"H3","location":"actions\/generate.php:success","message":"generate finished","data":{"inserted":17,"unplaced_count":0,"elapsed_seconds":0.14},"timestamp":1775585900597}
{"sessionId":"1e6561","runId":"initial","hypothesisId":"H6","location":"actions\/generate.php:shutdown","message":"php shutdown clean","data":[],"timestamp":1775585900597}
{"sessionId":"1e6561","runId":"initial","hypothesisId":"H1","location":"actions\/generate.php:entry","message":"generate endpoint hit","data":{"method":"POST","content_type":"application\/json","session_role":"admin","has_user_id":true},"timestamp":1775585914689}
{"sessionId":"1e6561","runId":"post-fix","hypothesisId":"H6","location":"actions\/generate.php:ensure_course_faculty","message":"ensured course_faculty table exists","data":{"db_error":""},"timestamp":1775585914690}
{"sessionId":"1e6561","runId":"initial","hypothesisId":"H2","location":"actions\/generate.php:input","message":"parsed generate input","data":{"raw_len":71,"academic_session_id":3,"semester":1,"section":"A","clear_first":true,"input_keys":["academic_session_id","semester","section","clear_first"]},"timestamp":1775585914690}
{"sessionId":"1e6561","runId":"initial","hypothesisId":"H6","location":"actions\/generate.php:checkpoint_after_input","message":"after input checkpoint","data":[],"timestamp":1775585914690}
{"sessionId":"1e6561","runId":"initial","hypothesisId":"H6","location":"actions\/generate.php:clear_first","message":"attempting clear_first delete prepare","data":{"session_id":3,"semester":1,"section":"A"},"timestamp":1775585914690}
{"sessionId":"1e6561","runId":"initial","hypothesisId":"H6","location":"actions\/generate.php:clear_first_prepare","message":"clear_first prepare result","data":{"prepare_ok":true,"db_error":""},"timestamp":1775585914691}
{"sessionId":"1e6561","runId":"initial","hypothesisId":"H3","location":"actions\/generate.php:success","message":"generate finished","data":{"inserted":18,"unplaced_count":0,"elapsed_seconds":0.14},"timestamp":1775585914827}
{"sessionId":"1e6561","runId":"initial","hypothesisId":"H6","location":"actions\/generate.php:shutdown","message":"php shutdown clean","data":[],"timestamp":1775585914827}
{"sessionId":"1e6561","runId":"initial","hypothesisId":"H1","location":"actions\/generate.php:entry","message":"generate endpoint hit","data":{"method":"POST","content_type":"application\/json","session_role":"admin","has_user_id":true},"timestamp":1775585917181}
{"sessionId":"1e6561","runId":"post-fix","hypothesisId":"H6","location":"actions\/generate.php:ensure_course_faculty","message":"ensured course_faculty table exists","data":{"db_error":""},"timestamp":1775585917182}
{"sessionId":"1e6561","runId":"initial","hypothesisId":"H2","location":"actions\/generate.php:input","message":"parsed generate input","data":{"raw_len":71,"academic_session_id":3,"semester":3,"section":"A","clear_first":true,"input_keys":["academic_session_id","semester","section","clear_first"]},"timestamp":1775585917182}
{"sessionId":"1e6561","runId":"initial","hypothesisId":"H6","location":"actions\/generate.php:checkpoint_after_input","message":"after input checkpoint","data":[],"timestamp":1775585917182}
{"sessionId":"1e6561","runId":"initial","hypothesisId":"H6","location":"actions\/generate.php:clear_first","message":"attempting clear_first delete prepare","data":{"session_id":3,"semester":3,"section":"A"},"timestamp":1775585917183}
{"sessionId":"1e6561","runId":"initial","hypothesisId":"H6","location":"actions\/generate.php:clear_first_prepare","message":"clear_first prepare result","data":{"prepare_ok":true,"db_error":""},"timestamp":1775585917183}
{"sessionId":"1e6561","runId":"initial","hypothesisId":"H3","location":"actions\/generate.php:success","message":"generate finished","data":{"inserted":17,"unplaced_count":0,"elapsed_seconds":1775585905.31},"timestamp":1775585917315}
{"sessionId":"1e6561","runId":"initial","hypothesisId":"H6","location":"actions\/generate.php:shutdown","message":"php shutdown with last error","data":{"type":2,"message":"A non-numeric value encountered","file":"C:\\xampp\\htdocs\\assigmentupdated\\project\\actions\\generate.php","line":1133},"timestamp":1775585917315}
{"sessionId":"1e6561","runId":"initial","hypothesisId":"H1","location":"actions\/generate.php:entry","message":"generate endpoint hit","data":{"method":"POST","content_type":"application\/json","session_role":"admin","has_user_id":true},"timestamp":1775585925589}
{"sessionId":"1e6561","runId":"post-fix","hypothesisId":"H6","location":"actions\/generate.php:ensure_course_faculty","message":"ensured course_faculty table exists","data":{"db_error":""},"timestamp":1775585925590}
{"sessionId":"1e6561","runId":"initial","hypothesisId":"H2","location":"actions\/generate.php:input","message":"parsed generate input","data":{"raw_len":71,"academic_session_id":3,"semester":1,"section":"A","clear_first":true,"input_keys":["academic_session_id","semester","section","clear_first"]},"timestamp":1775585925590}
{"sessionId":"1e6561","runId":"initial","hypothesisId":"H6","location":"actions\/generate.php:checkpoint_after_input","message":"after input checkpoint","data":[],"timestamp":1775585925590}
{"sessionId":"1e6561","runId":"initial","hypothesisId":"H6","location":"actions\/generate.php:clear_first","message":"attempting clear_first delete prepare","data":{"session_id":3,"semester":1,"section":"A"},"timestamp":1775585925590}
{"sessionId":"1e6561","runId":"initial","hypothesisId":"H6","location":"actions\/generate.php:clear_first_prepare","message":"clear_first prepare result","data":{"prepare_ok":true,"db_error":""},"timestamp":1775585925590}
{"sessionId":"1e6561","runId":"initial","hypothesisId":"H3","location":"actions\/generate.php:success","message":"generate finished","data":{"inserted":18,"unplaced_count":0,"elapsed_seconds":1775585913.73},"timestamp":1775585925734}
{"sessionId":"1e6561","runId":"initial","hypothesisId":"H6","location":"actions\/generate.php:shutdown","message":"php shutdown with last error","data":{"type":2,"message":"A non-numeric value encountered","file":"C:\\xampp\\htdocs\\assigmentupdated\\project\\actions\\generate.php","line":1133},"timestamp":1775585925734}
{"sessionId":"1e6561","runId":"initial","hypothesisId":"H1","location":"actions\/generate.php:entry","message":"generate endpoint hit","data":{"method":"POST","content_type":"application\/json","session_role":"admin","has_user_id":true},"timestamp":1775585933449}
{"sessionId":"1e6561","runId":"post-fix","hypothesisId":"H6","location":"actions\/generate.php:ensure_course_faculty","message":"ensured course_faculty table exists","data":{"db_error":""},"timestamp":1775585933450}
{"sessionId":"1e6561","runId":"initial","hypothesisId":"H2","location":"actions\/generate.php:input","message":"parsed generate input","data":{"raw_len":88,"academic_session_id":6,"semester":1,"section":"A","clear_first":true,"input_keys":["academic_session_id","semester","section","clear_first","course_ids"]},"timestamp":1775585933450}
{"sessionId":"1e6561","runId":"initial","hypothesisId":"H6","location":"actions\/generate.php:checkpoint_after_input","message":"after input checkpoint","data":[],"timestamp":1775585933450}
{"sessionId":"1e6561","runId":"initial","hypothesisId":"H6","location":"actions\/generate.php:clear_first","message":"attempting clear_first delete prepare","data":{"session_id":6,"semester":1,"section":"A"},"timestamp":1775585933451}
{"sessionId":"1e6561","runId":"initial","hypothesisId":"H6","location":"actions\/generate.php:clear_first_prepare","message":"clear_first prepare result","data":{"prepare_ok":true,"db_error":""},"timestamp":1775585933451}
{"sessionId":"1e6561","runId":"initial","hypothesisId":"H3","location":"actions\/generate.php:success","message":"generate finished","data":{"inserted":3,"unplaced_count":0,"elapsed_seconds":0.11},"timestamp":1775585933563}
{"sessionId":"1e6561","runId":"initial","hypothesisId":"H6","location":"actions\/generate.php:shutdown","message":"php shutdown clean","data":[],"timestamp":1775585933564}
{"sessionId":"1e6561","runId":"initial","hypothesisId":"H1","location":"actions\/generate.php:entry","message":"generate endpoint hit","data":{"method":"POST","content_type":"application\/json","session_role":"admin","has_user_id":true},"timestamp":1775586016795}
{"sessionId":"1e6561","runId":"post-fix","hypothesisId":"H6","location":"actions\/generate.php:ensure_course_faculty","message":"ensured course_faculty table exists","data":{"db_error":""},"timestamp":1775586016795}
{"sessionId":"1e6561","runId":"initial","hypothesisId":"H2","location":"actions\/generate.php:input","message":"parsed generate input","data":{"raw_len":71,"academic_session_id":6,"semester":1,"section":"A","clear_first":true,"input_keys":["academic_session_id","semester","section","clear_first"]},"timestamp":1775586016796}
{"sessionId":"1e6561","runId":"initial","hypothesisId":"H6","location":"actions\/generate.php:checkpoint_after_input","message":"after input checkpoint","data":[],"timestamp":1775586016796}
{"sessionId":"1e6561","runId":"initial","hypothesisId":"H6","location":"actions\/generate.php:clear_first","message":"attempting clear_first delete prepare","data":{"session_id":6,"semester":1,"section":"A"},"timestamp":1775586016796}
{"sessionId":"1e6561","runId":"initial","hypothesisId":"H6","location":"actions\/generate.php:clear_first_prepare","message":"clear_first prepare result","data":{"prepare_ok":true,"db_error":""},"timestamp":1775586016796}
{"sessionId":"1e6561","runId":"initial","hypothesisId":"H3","location":"actions\/generate.php:success","message":"generate finished","data":{"inserted":18,"unplaced_count":0,"elapsed_seconds":0.13},"timestamp":1775586016928}
{"sessionId":"1e6561","runId":"initial","hypothesisId":"H6","location":"actions\/generate.php:shutdown","message":"php shutdown clean","data":[],"timestamp":1775586016929}
{"sessionId":"1e6561","runId":"initial","hypothesisId":"H1","location":"actions\/generate.php:entry","message":"generate endpoint hit","data":{"method":"POST","content_type":"application\/json","session_role":"admin","has_user_id":true},"timestamp":1775587072473}
{"sessionId":"1e6561","runId":"post-fix","hypothesisId":"H6","location":"actions\/generate.php:ensure_course_faculty","message":"ensured course_faculty table exists","data":{"db_error":""},"timestamp":1775587072473}
{"sessionId":"1e6561","runId":"initial","hypothesisId":"H2","location":"actions\/generate.php:input","message":"parsed generate input","data":{"raw_len":71,"academic_session_id":1,"semester":2,"section":"A","clear_first":true,"input_keys":["academic_session_id","semester","section","clear_first"]},"timestamp":1775587072473}
{"sessionId":"1e6561","runId":"initial","hypothesisId":"H6","location":"actions\/generate.php:checkpoint_after_input","message":"after input checkpoint","data":[],"timestamp":1775587072474}
{"sessionId":"1e6561","runId":"initial","hypothesisId":"H6","location":"actions\/generate.php:clear_first","message":"attempting clear_first delete prepare","data":{"session_id":1,"semester":2,"section":"A"},"timestamp":1775587072474}
{"sessionId":"1e6561","runId":"initial","hypothesisId":"H6","location":"actions\/generate.php:clear_first_prepare","message":"clear_first prepare result","data":{"prepare_ok":true,"db_error":""},"timestamp":1775587072474}
{"sessionId":"1e6561","runId":"initial","hypothesisId":"H3","location":"actions\/generate.php:success","message":"generate finished","data":{"inserted":12,"unplaced_count":0,"elapsed_seconds":0.29},"timestamp":1775587072763}
{"sessionId":"1e6561","runId":"initial","hypothesisId":"H6","location":"actions\/generate.php:shutdown","message":"php shutdown clean","data":[],"timestamp":1775587072763}
{"sessionId":"1e6561","runId":"initial","hypothesisId":"H1","location":"actions\/generate.php:entry","message":"generate endpoint hit","data":{"method":"POST","content_type":"application\/json","session_role":"admin","has_user_id":true},"timestamp":1775587102254}
{"sessionId":"1e6561","runId":"post-fix","hypothesisId":"H6","location":"actions\/generate.php:ensure_course_faculty","message":"ensured course_faculty table exists","data":{"db_error":""},"timestamp":1775587102255}
{"sessionId":"1e6561","runId":"initial","hypothesisId":"H2","location":"actions\/generate.php:input","message":"parsed generate input","data":{"raw_len":71,"academic_session_id":6,"semester":1,"section":"A","clear_first":true,"input_keys":["academic_session_id","semester","section","clear_first"]},"timestamp":1775587102255}
{"sessionId":"1e6561","runId":"initial","hypothesisId":"H6","location":"actions\/generate.php:checkpoint_after_input","message":"after input checkpoint","data":[],"timestamp":1775587102255}
{"sessionId":"1e6561","runId":"initial","hypothesisId":"H6","location":"actions\/generate.php:clear_first","message":"attempting clear_first delete prepare","data":{"session_id":6,"semester":1,"section":"A"},"timestamp":1775587102256}
{"sessionId":"1e6561","runId":"initial","hypothesisId":"H6","location":"actions\/generate.php:clear_first_prepare","message":"clear_first prepare result","data":{"prepare_ok":true,"db_error":""},"timestamp":1775587102256}
{"sessionId":"1e6561","runId":"initial","hypothesisId":"H3","location":"actions\/generate.php:success","message":"generate finished","data":{"inserted":14,"unplaced_count":0,"elapsed_seconds":0.13},"timestamp":1775587102385}
{"sessionId":"1e6561","runId":"initial","hypothesisId":"H6","location":"actions\/generate.php:shutdown","message":"php shutdown clean","data":[],"timestamp":1775587102385}
{"sessionId":"1e6561","runId":"initial","hypothesisId":"H1","location":"actions\/generate.php:entry","message":"generate endpoint hit","data":{"method":"POST","content_type":"application\/json","session_role":"admin","has_user_id":true},"timestamp":1775587164136}
{"sessionId":"1e6561","runId":"post-fix","hypothesisId":"H6","location":"actions\/generate.php:ensure_course_faculty","message":"ensured course_faculty table exists","data":{"db_error":""},"timestamp":1775587164137}
{"sessionId":"1e6561","runId":"initial","hypothesisId":"H2","location":"actions\/generate.php:input","message":"parsed generate input","data":{"raw_len":71,"academic_session_id":4,"semester":4,"section":"A","clear_first":true,"input_keys":["academic_session_id","semester","section","clear_first"]},"timestamp":1775587164137}
{"sessionId":"1e6561","runId":"initial","hypothesisId":"H6","location":"actions\/generate.php:checkpoint_after_input","message":"after input checkpoint","data":[],"timestamp":1775587164137}
{"sessionId":"1e6561","runId":"initial","hypothesisId":"H6","location":"actions\/generate.php:clear_first","message":"attempting clear_first delete prepare","data":{"session_id":4,"semester":4,"section":"A"},"timestamp":1775587164138}
{"sessionId":"1e6561","runId":"initial","hypothesisId":"H6","location":"actions\/generate.php:clear_first_prepare","message":"clear_first prepare result","data":{"prepare_ok":true,"db_error":""},"timestamp":1775587164138}
{"sessionId":"1e6561","runId":"initial","hypothesisId":"H3","location":"actions\/generate.php:success","message":"generate finished","data":{"inserted":12,"unplaced_count":0,"elapsed_seconds":0.13},"timestamp":1775587164270}
{"sessionId":"1e6561","runId":"initial","hypothesisId":"H6","location":"actions\/generate.php:shutdown","message":"php shutdown clean","data":[],"timestamp":1775587164270}
{"sessionId":"1e6561","runId":"initial","hypothesisId":"H1","location":"actions\/generate.php:entry","message":"generate endpoint hit","data":{"method":"POST","content_type":"application\/json","session_role":"admin","has_user_id":true},"timestamp":1775588505154}
{"sessionId":"1e6561","runId":"post-fix","hypothesisId":"H6","location":"actions\/generate.php:ensure_course_faculty","message":"ensured course_faculty table exists","data":{"db_error":""},"timestamp":1775588505155}
{"sessionId":"1e6561","runId":"initial","hypothesisId":"H2","location":"actions\/generate.php:input","message":"parsed generate input","data":{"raw_len":71,"academic_session_id":1,"semester":2,"section":"A","clear_first":true,"input_keys":["academic_session_id","semester","section","clear_first"]},"timestamp":1775588505155}
{"sessionId":"1e6561","runId":"initial","hypothesisId":"H6","location":"actions\/generate.php:checkpoint_after_input","message":"after input checkpoint","data":[],"timestamp":1775588505155}
{"sessionId":"1e6561","runId":"initial","hypothesisId":"H6","location":"actions\/generate.php:clear_first","message":"attempting clear_first delete prepare","data":{"session_id":1,"semester":2,"section":"A"},"timestamp":1775588505156}
{"sessionId":"1e6561","runId":"initial","hypothesisId":"H6","location":"actions\/generate.php:clear_first_prepare","message":"clear_first prepare result","data":{"prepare_ok":true,"db_error":""},"timestamp":1775588505156}
{"sessionId":"1e6561","runId":"initial","hypothesisId":"H3","location":"actions\/generate.php:success","message":"generate finished","data":{"inserted":12,"unplaced_count":0,"elapsed_seconds":0.34},"timestamp":1775588505498}
{"sessionId":"1e6561","runId":"initial","hypothesisId":"H6","location":"actions\/generate.php:shutdown","message":"php shutdown clean","data":[],"timestamp":1775588505498}
{"sessionId":"1e6561","runId":"initial","hypothesisId":"H1","location":"actions\/generate.php:entry","message":"generate endpoint hit","data":{"method":"POST","content_type":"application\/json","session_role":"admin","has_user_id":true},"timestamp":1775589694309}
{"sessionId":"1e6561","runId":"post-fix","hypothesisId":"H6","location":"actions\/generate.php:ensure_course_faculty","message":"ensured course_faculty table exists","data":{"db_error":""},"timestamp":1775589694310}
{"sessionId":"1e6561","runId":"initial","hypothesisId":"H2","location":"actions\/generate.php:input","message":"parsed generate input","data":{"raw_len":71,"academic_session_id":1,"semester":2,"section":"A","clear_first":true,"input_keys":["academic_session_id","semester","section","clear_first"]},"timestamp":1775589694310}
{"sessionId":"1e6561","runId":"initial","hypothesisId":"H6","location":"actions\/generate.php:checkpoint_after_input","message":"after input checkpoint","data":[],"timestamp":1775589694311}
{"sessionId":"1e6561","runId":"initial","hypothesisId":"H6","location":"actions\/generate.php:clear_first","message":"attempting clear_first delete prepare","data":{"session_id":1,"semester":2,"section":"A"},"timestamp":1775589694311}
{"sessionId":"1e6561","runId":"initial","hypothesisId":"H6","location":"actions\/generate.php:clear_first_prepare","message":"clear_first prepare result","data":{"prepare_ok":true,"db_error":""},"timestamp":1775589694311}
{"sessionId":"1e6561","runId":"initial","hypothesisId":"H3","location":"actions\/generate.php:success","message":"generate finished","data":{"inserted":12,"unplaced_count":0,"elapsed_seconds":0.32},"timestamp":1775589694628}
{"sessionId":"1e6561","runId":"initial","hypothesisId":"H6","location":"actions\/generate.php:shutdown","message":"php shutdown clean","data":[],"timestamp":1775589694629}
{"sessionId":"1e6561","runId":"initial","hypothesisId":"H1","location":"actions\/generate.php:entry","message":"generate endpoint hit","data":{"method":"POST","content_type":"application\/json","session_role":"admin","has_user_id":true},"timestamp":1775589703683}
{"sessionId":"1e6561","runId":"post-fix","hypothesisId":"H6","location":"actions\/generate.php:ensure_course_faculty","message":"ensured course_faculty table exists","data":{"db_error":""},"timestamp":1775589703684}
{"sessionId":"1e6561","runId":"initial","hypothesisId":"H2","location":"actions\/generate.php:input","message":"parsed generate input","data":{"raw_len":71,"academic_session_id":1,"semester":2,"section":"A","clear_first":true,"input_keys":["academic_session_id","semester","section","clear_first"]},"timestamp":1775589703684}
{"sessionId":"1e6561","runId":"initial","hypothesisId":"H6","location":"actions\/generate.php:checkpoint_after_input","message":"after input checkpoint","data":[],"timestamp":1775589703684}
{"sessionId":"1e6561","runId":"initial","hypothesisId":"H6","location":"actions\/generate.php:clear_first","message":"attempting clear_first delete prepare","data":{"session_id":1,"semester":2,"section":"A"},"timestamp":1775589703685}
{"sessionId":"1e6561","runId":"initial","hypothesisId":"H6","location":"actions\/generate.php:clear_first_prepare","message":"clear_first prepare result","data":{"prepare_ok":true,"db_error":""},"timestamp":1775589703686}
{"sessionId":"1e6561","runId":"initial","hypothesisId":"H3","location":"actions\/generate.php:success","message":"generate finished","data":{"inserted":12,"unplaced_count":0,"elapsed_seconds":0.14},"timestamp":1775589703825}
{"sessionId":"1e6561","runId":"initial","hypothesisId":"H6","location":"actions\/generate.php:shutdown","message":"php shutdown clean","data":[],"timestamp":1775589703825}
{"sessionId":"1e6561","runId":"initial","hypothesisId":"H1","location":"actions\/generate.php:entry","message":"generate endpoint hit","data":{"method":"POST","content_type":"application\/json","session_role":"admin","has_user_id":true},"timestamp":1775590166876}
{"sessionId":"1e6561","runId":"post-fix","hypothesisId":"H6","location":"actions\/generate.php:ensure_course_faculty","message":"ensured course_faculty table exists","data":{"db_error":""},"timestamp":1775590166876}
{"sessionId":"1e6561","runId":"initial","hypothesisId":"H2","location":"actions\/generate.php:input","message":"parsed generate input","data":{"raw_len":71,"academic_session_id":1,"semester":2,"section":"A","clear_first":true,"input_keys":["academic_session_id","semester","section","clear_first"]},"timestamp":1775590166877}
{"sessionId":"1e6561","runId":"initial","hypothesisId":"H6","location":"actions\/generate.php:checkpoint_after_input","message":"after input checkpoint","data":[],"timestamp":1775590166877}
{"sessionId":"1e6561","runId":"initial","hypothesisId":"H6","location":"actions\/generate.php:clear_first","message":"attempting clear_first delete prepare","data":{"session_id":1,"semester":2,"section":"A"},"timestamp":1775590166877}
{"sessionId":"1e6561","runId":"initial","hypothesisId":"H6","location":"actions\/generate.php:clear_first_prepare","message":"clear_first prepare result","data":{"prepare_ok":true,"db_error":""},"timestamp":1775590166878}
{"sessionId":"1e6561","runId":"initial","hypothesisId":"H3","location":"actions\/generate.php:success","message":"generate finished","data":{"inserted":12,"unplaced_count":0,"elapsed_seconds":0.31},"timestamp":1775590167185}
{"sessionId":"1e6561","runId":"initial","hypothesisId":"H6","location":"actions\/generate.php:shutdown","message":"php shutdown clean","data":[],"timestamp":1775590167186}
{"sessionId":"1e6561","runId":"initial","hypothesisId":"H1","location":"actions\/generate.php:entry","message":"generate endpoint hit","data":{"method":"POST","content_type":"application\/json","session_role":"admin","has_user_id":true},"timestamp":1776273704509}
{"sessionId":"1e6561","runId":"initial","hypothesisId":"H6","location":"actions\/generate.php:shutdown","message":"php shutdown with last error","data":{"type":1,"message":"Uncaught mysqli_sql_exception: You have an error in your SQL syntax; check the manual that corresponds to your MySQL server version for the right syntax to use near 'IF NOT EXISTS credit_hours_lab TINYINT UNSIGNED NOT NULL DEFAULT 0 AFTER credit_' at line 1 in D:\\Downloads\\New folder\\updated\\actions\\generate.php:389\nStack trace:\n#0 D:\\Downloads\\New folder\\updated\\actions\\generate.php(389): mysqli->query('ALTER TABLE cou...')\n#1 {main}\n  thrown","file":"D:\\Downloads\\New folder\\updated\\actions\\generate.php","line":389},"timestamp":1776273704517}
{"sessionId":"1e6561","runId":"initial","hypothesisId":"H1","location":"actions\/generate.php:entry","message":"generate endpoint hit","data":{"method":"POST","content_type":"application\/json","session_role":"admin","has_user_id":true},"timestamp":1776273723279}
{"sessionId":"1e6561","runId":"initial","hypothesisId":"H6","location":"actions\/generate.php:shutdown","message":"php shutdown with last error","data":{"type":1,"message":"Uncaught mysqli_sql_exception: You have an error in your SQL syntax; check the manual that corresponds to your MySQL server version for the right syntax to use near 'IF NOT EXISTS credit_hours_lab TINYINT UNSIGNED NOT NULL DEFAULT 0 AFTER credit_' at line 1 in D:\\Downloads\\New folder\\updated\\actions\\generate.php:389\nStack trace:\n#0 D:\\Downloads\\New folder\\updated\\actions\\generate.php(389): mysqli->query('ALTER TABLE cou...')\n#1 {main}\n  thrown","file":"D:\\Downloads\\New folder\\updated\\actions\\generate.php","line":389},"timestamp":1776273723280}
{"sessionId":"1e6561","runId":"initial","hypothesisId":"H1","location":"actions\/generate.php:entry","message":"generate endpoint hit","data":{"method":"POST","content_type":"application\/json","session_role":"admin","has_user_id":true},"timestamp":1776273750797}
{"sessionId":"1e6561","runId":"initial","hypothesisId":"H6","location":"actions\/generate.php:shutdown","message":"php shutdown with last error","data":{"type":1,"message":"Uncaught mysqli_sql_exception: You have an error in your SQL syntax; check the manual that corresponds to your MySQL server version for the right syntax to use near 'IF NOT EXISTS credit_hours_lab TINYINT UNSIGNED NOT NULL DEFAULT 0 AFTER credit_' at line 1 in D:\\Downloads\\New folder\\updated\\actions\\generate.php:389\nStack trace:\n#0 D:\\Downloads\\New folder\\updated\\actions\\generate.php(389): mysqli->query('ALTER TABLE cou...')\n#1 {main}\n  thrown","file":"D:\\Downloads\\New folder\\updated\\actions\\generate.php","line":389},"timestamp":1776273750798}
{"sessionId":"1e6561","runId":"initial","hypothesisId":"H1","location":"actions\/generate.php:entry","message":"generate endpoint hit","data":{"method":"POST","content_type":"application\/json","session_role":"admin","has_user_id":true},"timestamp":1776273794430}
{"sessionId":"1e6561","runId":"initial","hypothesisId":"H6","location":"actions\/generate.php:shutdown","message":"php shutdown with last error","data":{"type":1,"message":"Uncaught mysqli_sql_exception: You have an error in your SQL syntax; check the manual that corresponds to your MySQL server version for the right syntax to use near 'IF NOT EXISTS credit_hours_lab TINYINT UNSIGNED NOT NULL DEFAULT 0 AFTER credit_' at line 1 in D:\\Downloads\\New folder\\updated\\actions\\generate.php:389\nStack trace:\n#0 D:\\Downloads\\New folder\\updated\\actions\\generate.php(389): mysqli->query('ALTER TABLE cou...')\n#1 {main}\n  thrown","file":"D:\\Downloads\\New folder\\updated\\actions\\generate.php","line":389},"timestamp":1776273794432}
{"sessionId":"1e6561","runId":"initial","hypothesisId":"H1","location":"actions\/generate.php:entry","message":"generate endpoint hit","data":{"method":"POST","content_type":"application\/json","session_role":"admin","has_user_id":true},"timestamp":1776273804014}
{"sessionId":"1e6561","runId":"initial","hypothesisId":"H6","location":"actions\/generate.php:shutdown","message":"php shutdown with last error","data":{"type":1,"message":"Uncaught mysqli_sql_exception: You have an error in your SQL syntax; check the manual that corresponds to your MySQL server version for the right syntax to use near 'IF NOT EXISTS credit_hours_lab TINYINT UNSIGNED NOT NULL DEFAULT 0 AFTER credit_' at line 1 in D:\\Downloads\\New folder\\updated\\actions\\generate.php:389\nStack trace:\n#0 D:\\Downloads\\New folder\\updated\\actions\\generate.php(389): mysqli->query('ALTER TABLE cou...')\n#1 {main}\n  thrown","file":"D:\\Downloads\\New folder\\updated\\actions\\generate.php","line":389},"timestamp":1776273804015}
{"sessionId":"1e6561","runId":"initial","hypothesisId":"H1","location":"actions\/generate.php:entry","message":"generate endpoint hit","data":{"method":"POST","content_type":"application\/json","session_role":"admin","has_user_id":true},"timestamp":1776273827886}
{"sessionId":"1e6561","runId":"initial","hypothesisId":"H6","location":"actions\/generate.php:shutdown","message":"php shutdown with last error","data":{"type":1,"message":"Uncaught mysqli_sql_exception: You have an error in your SQL syntax; check the manual that corresponds to your MySQL server version for the right syntax to use near 'IF NOT EXISTS credit_hours_lab TINYINT UNSIGNED NOT NULL DEFAULT 0 AFTER credit_' at line 1 in D:\\Downloads\\New folder\\updated\\actions\\generate.php:389\nStack trace:\n#0 D:\\Downloads\\New folder\\updated\\actions\\generate.php(389): mysqli->query('ALTER TABLE cou...')\n#1 {main}\n  thrown","file":"D:\\Downloads\\New folder\\updated\\actions\\generate.php","line":389},"timestamp":1776273827887}
{"sessionId":"1e6561","runId":"initial","hypothesisId":"H1","location":"actions\/generate.php:entry","message":"generate endpoint hit","data":{"method":"POST","content_type":"application\/json","session_role":"admin","has_user_id":true},"timestamp":1776273918284}
{"sessionId":"1e6561","runId":"post-fix","hypothesisId":"H6","location":"actions\/generate.php:ensure_course_faculty","message":"ensured course_faculty table exists","data":{"db_error":""},"timestamp":1776273918292}
{"sessionId":"1e6561","runId":"initial","hypothesisId":"H2","location":"actions\/generate.php:input","message":"parsed generate input","data":{"raw_len":71,"academic_session_id":1,"semester":1,"section":"A","clear_first":true,"input_keys":["academic_session_id","semester","section","clear_first"]},"timestamp":1776273918292}
{"sessionId":"1e6561","runId":"initial","hypothesisId":"H6","location":"actions\/generate.php:checkpoint_after_input","message":"after input checkpoint","data":[],"timestamp":1776273918292}
{"sessionId":"1e6561","runId":"initial","hypothesisId":"H6","location":"actions\/generate.php:clear_first","message":"attempting clear_first delete prepare","data":{"session_id":1,"semester":1,"section":"A"},"timestamp":1776273918292}
{"sessionId":"1e6561","runId":"initial","hypothesisId":"H6","location":"actions\/generate.php:clear_first_prepare","message":"clear_first prepare result","data":{"prepare_ok":true,"db_error":""},"timestamp":1776273918303}
{"sessionId":"1e6561","runId":"initial","hypothesisId":"H3","location":"actions\/generate.php:success","message":"generate finished","data":{"inserted":14,"unplaced_count":0,"elapsed_seconds":1.7399999999999999911182158029987476766109466552734375},"timestamp":1776273920034}
{"sessionId":"1e6561","runId":"initial","hypothesisId":"H6","location":"actions\/generate.php:shutdown","message":"php shutdown clean","data":[],"timestamp":1776273920034}
{"sessionId":"1e6561","runId":"initial","hypothesisId":"H1","location":"actions\/generate.php:entry","message":"generate endpoint hit","data":{"method":"POST","content_type":"application\/json","session_role":"admin","has_user_id":true},"timestamp":1776273924782}
{"sessionId":"1e6561","runId":"post-fix","hypothesisId":"H6","location":"actions\/generate.php:ensure_course_faculty","message":"ensured course_faculty table exists","data":{"db_error":""},"timestamp":1776273924785}
{"sessionId":"1e6561","runId":"initial","hypothesisId":"H2","location":"actions\/generate.php:input","message":"parsed generate input","data":{"raw_len":71,"academic_session_id":1,"semester":2,"section":"A","clear_first":true,"input_keys":["academic_session_id","semester","section","clear_first"]},"timestamp":1776273924785}
{"sessionId":"1e6561","runId":"initial","hypothesisId":"H6","location":"actions\/generate.php:checkpoint_after_input","message":"after input checkpoint","data":[],"timestamp":1776273924785}
{"sessionId":"1e6561","runId":"initial","hypothesisId":"H6","location":"actions\/generate.php:clear_first","message":"attempting clear_first delete prepare","data":{"session_id":1,"semester":2,"section":"A"},"timestamp":1776273924785}
{"sessionId":"1e6561","runId":"initial","hypothesisId":"H6","location":"actions\/generate.php:clear_first_prepare","message":"clear_first prepare result","data":{"prepare_ok":true,"db_error":""},"timestamp":1776273924789}
{"sessionId":"1e6561","runId":"initial","hypothesisId":"H3","location":"actions\/generate.php:success","message":"generate finished","data":{"inserted":12,"unplaced_count":0,"elapsed_seconds":1776273914.8399999141693115234375},"timestamp":1776273925837}
{"sessionId":"1e6561","runId":"initial","hypothesisId":"H6","location":"actions\/generate.php:shutdown","message":"php shutdown with last error","data":{"type":2,"message":"A non-numeric value encountered","file":"D:\\Downloads\\New folder\\updated\\actions\\generate.php","line":1131},"timestamp":1776273925838}
{"sessionId":"1e6561","runId":"initial","hypothesisId":"H1","location":"actions\/generate.php:entry","message":"generate endpoint hit","data":{"method":"POST","content_type":"application\/json","session_role":"admin","has_user_id":true},"timestamp":1776273931867}
{"sessionId":"1e6561","runId":"post-fix","hypothesisId":"H6","location":"actions\/generate.php:ensure_course_faculty","message":"ensured course_faculty table exists","data":{"db_error":""},"timestamp":1776273931872}
{"sessionId":"1e6561","runId":"initial","hypothesisId":"H2","location":"actions\/generate.php:input","message":"parsed generate input","data":{"raw_len":71,"academic_session_id":3,"semester":2,"section":"A","clear_first":true,"input_keys":["academic_session_id","semester","section","clear_first"]},"timestamp":1776273931873}
{"sessionId":"1e6561","runId":"initial","hypothesisId":"H6","location":"actions\/generate.php:checkpoint_after_input","message":"after input checkpoint","data":[],"timestamp":1776273931873}
{"sessionId":"1e6561","runId":"initial","hypothesisId":"H6","location":"actions\/generate.php:clear_first","message":"attempting clear_first delete prepare","data":{"session_id":3,"semester":2,"section":"A"},"timestamp":1776273931873}
{"sessionId":"1e6561","runId":"initial","hypothesisId":"H6","location":"actions\/generate.php:clear_first_prepare","message":"clear_first prepare result","data":{"prepare_ok":true,"db_error":""},"timestamp":1776273931876}
{"sessionId":"1e6561","runId":"initial","hypothesisId":"H3","location":"actions\/generate.php:success","message":"generate finished","data":{"inserted":12,"unplaced_count":0,"elapsed_seconds":1},"timestamp":1776273932869}
{"sessionId":"1e6561","runId":"initial","hypothesisId":"H6","location":"actions\/generate.php:shutdown","message":"php shutdown clean","data":[],"timestamp":1776273932869}
{"sessionId":"1e6561","runId":"initial","hypothesisId":"H1","location":"actions\/generate.php:entry","message":"generate endpoint hit","data":{"method":"POST","content_type":"application\/json","session_role":"admin","has_user_id":true},"timestamp":1776273935746}
{"sessionId":"1e6561","runId":"post-fix","hypothesisId":"H6","location":"actions\/generate.php:ensure_course_faculty","message":"ensured course_faculty table exists","data":{"db_error":""},"timestamp":1776273935752}
{"sessionId":"1e6561","runId":"initial","hypothesisId":"H2","location":"actions\/generate.php:input","message":"parsed generate input","data":{"raw_len":71,"academic_session_id":3,"semester":3,"section":"A","clear_first":true,"input_keys":["academic_session_id","semester","section","clear_first"]},"timestamp":1776273935752}
{"sessionId":"1e6561","runId":"initial","hypothesisId":"H6","location":"actions\/generate.php:checkpoint_after_input","message":"after input checkpoint","data":[],"timestamp":1776273935753}
{"sessionId":"1e6561","runId":"initial","hypothesisId":"H6","location":"actions\/generate.php:clear_first","message":"attempting clear_first delete prepare","data":{"session_id":3,"semester":3,"section":"A"},"timestamp":1776273935753}
{"sessionId":"1e6561","runId":"initial","hypothesisId":"H6","location":"actions\/generate.php:clear_first_prepare","message":"clear_first prepare result","data":{"prepare_ok":true,"db_error":""},"timestamp":1776273935760}
{"sessionId":"1e6561","runId":"initial","hypothesisId":"H3","location":"actions\/generate.php:success","message":"generate finished","data":{"inserted":12,"unplaced_count":0,"elapsed_seconds":1776273925.730000019073486328125},"timestamp":1776273936729}
{"sessionId":"1e6561","runId":"initial","hypothesisId":"H6","location":"actions\/generate.php:shutdown","message":"php shutdown with last error","data":{"type":2,"message":"A non-numeric value encountered","file":"D:\\Downloads\\New folder\\updated\\actions\\generate.php","line":1131},"timestamp":1776273936729}
{"sessionId":"1e6561","runId":"initial","hypothesisId":"H1","location":"actions\/generate.php:entry","message":"generate endpoint hit","data":{"method":"POST","content_type":"application\/json","session_role":"admin","has_user_id":true},"timestamp":1776274039885}
{"sessionId":"1e6561","runId":"post-fix","hypothesisId":"H6","location":"actions\/generate.php:ensure_course_faculty","message":"ensured course_faculty table exists","data":{"db_error":""},"timestamp":1776274039891}
{"sessionId":"1e6561","runId":"initial","hypothesisId":"H2","location":"actions\/generate.php:input","message":"parsed generate input","data":{"raw_len":71,"academic_session_id":1,"semester":1,"section":"A","clear_first":true,"input_keys":["academic_session_id","semester","section","clear_first"]},"timestamp":1776274039891}
{"sessionId":"1e6561","runId":"initial","hypothesisId":"H6","location":"actions\/generate.php:checkpoint_after_input","message":"after input checkpoint","data":[],"timestamp":1776274039891}
{"sessionId":"1e6561","runId":"initial","hypothesisId":"H6","location":"actions\/generate.php:clear_first","message":"attempting clear_first delete prepare","data":{"session_id":1,"semester":1,"section":"A"},"timestamp":1776274039891}
{"sessionId":"1e6561","runId":"initial","hypothesisId":"H6","location":"actions\/generate.php:clear_first_prepare","message":"clear_first prepare result","data":{"prepare_ok":true,"db_error":""},"timestamp":1776274039893}
{"sessionId":"1e6561","runId":"initial","hypothesisId":"H3","location":"actions\/generate.php:success","message":"generate finished","data":{"inserted":14,"unplaced_count":0,"elapsed_seconds":1776274029.9500000476837158203125},"timestamp":1776274040954}
{"sessionId":"1e6561","runId":"initial","hypothesisId":"H6","location":"actions\/generate.php:shutdown","message":"php shutdown with last error","data":{"type":2,"message":"A non-numeric value encountered","file":"D:\\Downloads\\New folder\\updated\\actions\\generate.php","line":1131},"timestamp":1776274040954}
{"sessionId":"1e6561","runId":"initial","hypothesisId":"H1","location":"actions\/generate.php:entry","message":"generate endpoint hit","data":{"method":"POST","content_type":"application\/json","session_role":"admin","has_user_id":true},"timestamp":1776286963840}
{"sessionId":"1e6561","runId":"post-fix","hypothesisId":"H6","location":"actions\/generate.php:ensure_course_faculty","message":"ensured course_faculty table exists","data":{"db_error":""},"timestamp":1776286963880}
{"sessionId":"1e6561","runId":"initial","hypothesisId":"H2","location":"actions\/generate.php:input","message":"parsed generate input","data":{"raw_len":71,"academic_session_id":1,"semester":1,"section":"A","clear_first":true,"input_keys":["academic_session_id","semester","section","clear_first"]},"timestamp":1776286963881}
{"sessionId":"1e6561","runId":"initial","hypothesisId":"H6","location":"actions\/generate.php:checkpoint_after_input","message":"after input checkpoint","data":[],"timestamp":1776286963881}
{"sessionId":"1e6561","runId":"initial","hypothesisId":"H6","location":"actions\/generate.php:clear_first","message":"attempting clear_first delete prepare","data":{"session_id":1,"semester":1,"section":"A"},"timestamp":1776286963882}
{"sessionId":"1e6561","runId":"initial","hypothesisId":"H6","location":"actions\/generate.php:clear_first_prepare","message":"clear_first prepare result","data":{"prepare_ok":true,"db_error":""},"timestamp":1776286963883}
{"sessionId":"1e6561","runId":"initial","hypothesisId":"H6","location":"actions\/generate.php:shutdown","message":"php shutdown clean","data":[],"timestamp":1776286963906}
{"sessionId":"1e6561","runId":"initial","hypothesisId":"H1","location":"actions\/generate.php:entry","message":"generate endpoint hit","data":{"method":"POST","content_type":"application\/json","session_role":"admin","has_user_id":true},"timestamp":1776286964213}
{"sessionId":"1e6561","runId":"post-fix","hypothesisId":"H6","location":"actions\/generate.php:ensure_course_faculty","message":"ensured course_faculty table exists","data":{"db_error":""},"timestamp":1776286964255}
{"sessionId":"1e6561","runId":"initial","hypothesisId":"H2","location":"actions\/generate.php:input","message":"parsed generate input","data":{"raw_len":71,"academic_session_id":1,"semester":1,"section":"A","clear_first":true,"input_keys":["academic_session_id","semester","section","clear_first"]},"timestamp":1776286964256}
{"sessionId":"1e6561","runId":"initial","hypothesisId":"H6","location":"actions\/generate.php:checkpoint_after_input","message":"after input checkpoint","data":[],"timestamp":1776286964257}
{"sessionId":"1e6561","runId":"initial","hypothesisId":"H6","location":"actions\/generate.php:clear_first","message":"attempting clear_first delete prepare","data":{"session_id":1,"semester":1,"section":"A"},"timestamp":1776286964258}
{"sessionId":"1e6561","runId":"initial","hypothesisId":"H6","location":"actions\/generate.php:clear_first_prepare","message":"clear_first prepare result","data":{"prepare_ok":true,"db_error":""},"timestamp":1776286964259}
{"sessionId":"1e6561","runId":"initial","hypothesisId":"H6","location":"actions\/generate.php:shutdown","message":"php shutdown clean","data":[],"timestamp":1776286964267}
{"sessionId":"1e6561","runId":"initial","hypothesisId":"H1","location":"actions\/generate.php:entry","message":"generate endpoint hit","data":{"method":"POST","content_type":"application\/json","session_role":"admin","has_user_id":true},"timestamp":1776286983605}
{"sessionId":"1e6561","runId":"post-fix","hypothesisId":"H6","location":"actions\/generate.php:ensure_course_faculty","message":"ensured course_faculty table exists","data":{"db_error":""},"timestamp":1776286983642}
{"sessionId":"1e6561","runId":"initial","hypothesisId":"H2","location":"actions\/generate.php:input","message":"parsed generate input","data":{"raw_len":71,"academic_session_id":1,"semester":1,"section":"A","clear_first":true,"input_keys":["academic_session_id","semester","section","clear_first"]},"timestamp":1776286983643}
{"sessionId":"1e6561","runId":"initial","hypothesisId":"H6","location":"actions\/generate.php:checkpoint_after_input","message":"after input checkpoint","data":[],"timestamp":1776286983644}
{"sessionId":"1e6561","runId":"initial","hypothesisId":"H6","location":"actions\/generate.php:clear_first","message":"attempting clear_first delete prepare","data":{"session_id":1,"semester":1,"section":"A"},"timestamp":1776286983645}
{"sessionId":"1e6561","runId":"initial","hypothesisId":"H6","location":"actions\/generate.php:clear_first_prepare","message":"clear_first prepare result","data":{"prepare_ok":true,"db_error":""},"timestamp":1776286983646}
{"sessionId":"1e6561","runId":"initial","hypothesisId":"H6","location":"actions\/generate.php:shutdown","message":"php shutdown clean","data":[],"timestamp":1776286983654}
{"sessionId":"1e6561","runId":"initial","hypothesisId":"H1","location":"actions\/generate.php:entry","message":"generate endpoint hit","data":{"method":"POST","content_type":"application\/json","session_role":"admin","has_user_id":true},"timestamp":1776332084728}
{"sessionId":"1e6561","runId":"post-fix","hypothesisId":"H6","location":"actions\/generate.php:ensure_course_faculty","message":"ensured course_faculty table exists","data":{"db_error":""},"timestamp":1776332084760}
{"sessionId":"1e6561","runId":"initial","hypothesisId":"H2","location":"actions\/generate.php:input","message":"parsed generate input","data":{"raw_len":71,"academic_session_id":2,"semester":1,"section":"A","clear_first":true,"input_keys":["academic_session_id","semester","section","clear_first"]},"timestamp":1776332084760}
{"sessionId":"1e6561","runId":"initial","hypothesisId":"H6","location":"actions\/generate.php:checkpoint_after_input","message":"after input checkpoint","data":[],"timestamp":1776332084761}
{"sessionId":"1e6561","runId":"initial","hypothesisId":"H6","location":"actions\/generate.php:clear_first","message":"attempting clear_first delete prepare","data":{"session_id":2,"semester":1,"section":"A"},"timestamp":1776332084761}
{"sessionId":"1e6561","runId":"initial","hypothesisId":"H6","location":"actions\/generate.php:clear_first_prepare","message":"clear_first prepare result","data":{"prepare_ok":true,"db_error":""},"timestamp":1776332084762}
{"sessionId":"1e6561","runId":"initial","hypothesisId":"H6","location":"actions\/generate.php:shutdown","message":"php shutdown clean","data":[],"timestamp":1776332084769}
{"sessionId":"1e6561","runId":"initial","hypothesisId":"H1","location":"actions\/generate.php:entry","message":"generate endpoint hit","data":{"method":"POST","content_type":"application\/json","session_role":"admin","has_user_id":true},"timestamp":1776332091242}
{"sessionId":"1e6561","runId":"post-fix","hypothesisId":"H6","location":"actions\/generate.php:ensure_course_faculty","message":"ensured course_faculty table exists","data":{"db_error":""},"timestamp":1776332091281}
{"sessionId":"1e6561","runId":"initial","hypothesisId":"H2","location":"actions\/generate.php:input","message":"parsed generate input","data":{"raw_len":90,"academic_session_id":2,"semester":1,"section":"A","clear_first":true,"input_keys":["academic_session_id","semester","section","clear_first","course_ids"]},"timestamp":1776332091282}
{"sessionId":"1e6561","runId":"initial","hypothesisId":"H6","location":"actions\/generate.php:checkpoint_after_input","message":"after input checkpoint","data":[],"timestamp":1776332091283}
{"sessionId":"1e6561","runId":"initial","hypothesisId":"H6","location":"actions\/generate.php:clear_first","message":"attempting clear_first delete prepare","data":{"session_id":2,"semester":1,"section":"A"},"timestamp":1776332091284}
{"sessionId":"1e6561","runId":"initial","hypothesisId":"H6","location":"actions\/generate.php:clear_first_prepare","message":"clear_first prepare result","data":{"prepare_ok":true,"db_error":""},"timestamp":1776332091285}
{"sessionId":"1e6561","runId":"initial","hypothesisId":"H6","location":"actions\/generate.php:shutdown","message":"php shutdown clean","data":[],"timestamp":1776332091293}
{"sessionId":"1e6561","runId":"initial","hypothesisId":"H1","location":"actions\/generate.php:entry","message":"generate endpoint hit","data":{"method":"POST","content_type":"application\/json","session_role":"admin","has_user_id":true},"timestamp":1776332100805}
{"sessionId":"1e6561","runId":"post-fix","hypothesisId":"H6","location":"actions\/generate.php:ensure_course_faculty","message":"ensured course_faculty table exists","data":{"db_error":""},"timestamp":1776332100855}
{"sessionId":"1e6561","runId":"initial","hypothesisId":"H2","location":"actions\/generate.php:input","message":"parsed generate input","data":{"raw_len":71,"academic_session_id":2,"semester":2,"section":"A","clear_first":true,"input_keys":["academic_session_id","semester","section","clear_first"]},"timestamp":1776332100856}
{"sessionId":"1e6561","runId":"initial","hypothesisId":"H6","location":"actions\/generate.php:checkpoint_after_input","message":"after input checkpoint","data":[],"timestamp":1776332100857}
{"sessionId":"1e6561","runId":"initial","hypothesisId":"H6","location":"actions\/generate.php:clear_first","message":"attempting clear_first delete prepare","data":{"session_id":2,"semester":2,"section":"A"},"timestamp":1776332100857}
{"sessionId":"1e6561","runId":"initial","hypothesisId":"H6","location":"actions\/generate.php:clear_first_prepare","message":"clear_first prepare result","data":{"prepare_ok":true,"db_error":""},"timestamp":1776332100859}
{"sessionId":"1e6561","runId":"initial","hypothesisId":"H3","location":"actions\/generate.php:success","message":"generate finished","data":{"inserted":1,"unplaced_count":4,"elapsed_seconds":0.05},"timestamp":1776332100906}
{"sessionId":"1e6561","runId":"initial","hypothesisId":"H6","location":"actions\/generate.php:shutdown","message":"php shutdown clean","data":[],"timestamp":1776332100907}
{"sessionId":"1e6561","runId":"initial","hypothesisId":"H1","location":"actions\/generate.php:entry","message":"generate endpoint hit","data":{"method":"POST","content_type":"application\/json","session_role":"admin","has_user_id":true},"timestamp":1776332227739}
{"sessionId":"1e6561","runId":"post-fix","hypothesisId":"H6","location":"actions\/generate.php:ensure_course_faculty","message":"ensured course_faculty table exists","data":{"db_error":""},"timestamp":1776332227778}
{"sessionId":"1e6561","runId":"initial","hypothesisId":"H2","location":"actions\/generate.php:input","message":"parsed generate input","data":{"raw_len":71,"academic_session_id":2,"semester":2,"section":"A","clear_first":true,"input_keys":["academic_session_id","semester","section","clear_first"]},"timestamp":1776332227779}
{"sessionId":"1e6561","runId":"initial","hypothesisId":"H6","location":"actions\/generate.php:checkpoint_after_input","message":"after input checkpoint","data":[],"timestamp":1776332227780}
{"sessionId":"1e6561","runId":"initial","hypothesisId":"H6","location":"actions\/generate.php:clear_first","message":"attempting clear_first delete prepare","data":{"session_id":2,"semester":2,"section":"A"},"timestamp":1776332227780}
{"sessionId":"1e6561","runId":"initial","hypothesisId":"H6","location":"actions\/generate.php:clear_first_prepare","message":"clear_first prepare result","data":{"prepare_ok":true,"db_error":""},"timestamp":1776332227781}
{"sessionId":"1e6561","runId":"initial","hypothesisId":"H3","location":"actions\/generate.php:success","message":"generate finished","data":{"inserted":1,"unplaced_count":4,"elapsed_seconds":0.05},"timestamp":1776332227828}
{"sessionId":"1e6561","runId":"initial","hypothesisId":"H6","location":"actions\/generate.php:shutdown","message":"php shutdown clean","data":[],"timestamp":1776332227829}
{"sessionId":"1e6561","runId":"initial","hypothesisId":"H1","location":"actions\/generate.php:entry","message":"generate endpoint hit","data":{"method":"POST","content_type":"application\/json","session_role":"admin","has_user_id":true},"timestamp":1776332228070}
{"sessionId":"1e6561","runId":"post-fix","hypothesisId":"H6","location":"actions\/generate.php:ensure_course_faculty","message":"ensured course_faculty table exists","data":{"db_error":""},"timestamp":1776332228095}
{"sessionId":"1e6561","runId":"initial","hypothesisId":"H2","location":"actions\/generate.php:input","message":"parsed generate input","data":{"raw_len":71,"academic_session_id":2,"semester":2,"section":"A","clear_first":true,"input_keys":["academic_session_id","semester","section","clear_first"]},"timestamp":1776332228096}
{"sessionId":"1e6561","runId":"initial","hypothesisId":"H6","location":"actions\/generate.php:checkpoint_after_input","message":"after input checkpoint","data":[],"timestamp":1776332228096}
{"sessionId":"1e6561","runId":"initial","hypothesisId":"H6","location":"actions\/generate.php:clear_first","message":"attempting clear_first delete prepare","data":{"session_id":2,"semester":2,"section":"A"},"timestamp":1776332228097}
{"sessionId":"1e6561","runId":"initial","hypothesisId":"H6","location":"actions\/generate.php:clear_first_prepare","message":"clear_first prepare result","data":{"prepare_ok":true,"db_error":""},"timestamp":1776332228098}
{"sessionId":"1e6561","runId":"initial","hypothesisId":"H3","location":"actions\/generate.php:success","message":"generate finished","data":{"inserted":1,"unplaced_count":4,"elapsed_seconds":0.04},"timestamp":1776332228142}
{"sessionId":"1e6561","runId":"initial","hypothesisId":"H6","location":"actions\/generate.php:shutdown","message":"php shutdown clean","data":[],"timestamp":1776332228143}
{"sessionId":"1e6561","runId":"initial","hypothesisId":"H1","location":"actions\/generate.php:entry","message":"generate endpoint hit","data":{"method":"POST","content_type":"application\/json","session_role":"admin","has_user_id":true},"timestamp":1776332288834}
{"sessionId":"1e6561","runId":"post-fix","hypothesisId":"H6","location":"actions\/generate.php:ensure_course_faculty","message":"ensured course_faculty table exists","data":{"db_error":""},"timestamp":1776332288878}
{"sessionId":"1e6561","runId":"initial","hypothesisId":"H2","location":"actions\/generate.php:input","message":"parsed generate input","data":{"raw_len":94,"academic_session_id":2,"semester":2,"section":"A","clear_first":true,"input_keys":["academic_session_id","semester","section","clear_first","course_ids"]},"timestamp":1776332288879}
{"sessionId":"1e6561","runId":"initial","hypothesisId":"H6","location":"actions\/generate.php:checkpoint_after_input","message":"after input checkpoint","data":[],"timestamp":1776332288879}
{"sessionId":"1e6561","runId":"initial","hypothesisId":"H6","location":"actions\/generate.php:clear_first","message":"attempting clear_first delete prepare","data":{"session_id":2,"semester":2,"section":"A"},"timestamp":1776332288880}
{"sessionId":"1e6561","runId":"initial","hypothesisId":"H6","location":"actions\/generate.php:clear_first_prepare","message":"clear_first prepare result","data":{"prepare_ok":true,"db_error":""},"timestamp":1776332288881}
{"sessionId":"1e6561","runId":"initial","hypothesisId":"H3","location":"actions\/generate.php:success","message":"generate finished","data":{"inserted":1,"unplaced_count":4,"elapsed_seconds":0.04},"timestamp":1776332288924}
{"sessionId":"1e6561","runId":"initial","hypothesisId":"H6","location":"actions\/generate.php:shutdown","message":"php shutdown clean","data":[],"timestamp":1776332288925}
{"sessionId":"1e6561","runId":"initial","hypothesisId":"H1","location":"actions\/generate.php:entry","message":"generate endpoint hit","data":{"method":"POST","content_type":"application\/json","session_role":"admin","has_user_id":true},"timestamp":1776759018451}
{"sessionId":"1e6561","runId":"post-fix","hypothesisId":"H6","location":"actions\/generate.php:ensure_course_faculty","message":"ensured course_faculty table exists","data":{"db_error":""},"timestamp":1776759018485}
{"sessionId":"1e6561","runId":"initial","hypothesisId":"H2","location":"actions\/generate.php:input","message":"parsed generate input","data":{"raw_len":71,"academic_session_id":2,"semester":1,"section":"A","clear_first":true,"input_keys":["academic_session_id","semester","section","clear_first"]},"timestamp":1776759018486}
{"sessionId":"1e6561","runId":"initial","hypothesisId":"H6","location":"actions\/generate.php:checkpoint_after_input","message":"after input checkpoint","data":[],"timestamp":1776759018487}
{"sessionId":"1e6561","runId":"initial","hypothesisId":"H6","location":"actions\/generate.php:clear_first","message":"attempting clear_first delete prepare","data":{"session_id":2,"semester":1,"section":"A"},"timestamp":1776759018487}
{"sessionId":"1e6561","runId":"initial","hypothesisId":"H6","location":"actions\/generate.php:clear_first_prepare","message":"clear_first prepare result","data":{"prepare_ok":true,"db_error":""},"timestamp":1776759018488}
{"sessionId":"1e6561","runId":"initial","hypothesisId":"H6","location":"actions\/generate.php:shutdown","message":"php shutdown clean","data":[],"timestamp":1776759018536}
{"sessionId":"1e6561","runId":"initial","hypothesisId":"H1","location":"actions\/generate.php:entry","message":"generate endpoint hit","data":{"method":"POST","content_type":"application\/json","session_role":"admin","has_user_id":true},"timestamp":1776759039701}
{"sessionId":"1e6561","runId":"post-fix","hypothesisId":"H6","location":"actions\/generate.php:ensure_course_faculty","message":"ensured course_faculty table exists","data":{"db_error":""},"timestamp":1776759039736}
{"sessionId":"1e6561","runId":"initial","hypothesisId":"H2","location":"actions\/generate.php:input","message":"parsed generate input","data":{"raw_len":71,"academic_session_id":2,"semester":2,"section":"A","clear_first":true,"input_keys":["academic_session_id","semester","section","clear_first"]},"timestamp":1776759039737}
{"sessionId":"1e6561","runId":"initial","hypothesisId":"H6","location":"actions\/generate.php:checkpoint_after_input","message":"after input checkpoint","data":[],"timestamp":1776759039738}
{"sessionId":"1e6561","runId":"initial","hypothesisId":"H6","location":"actions\/generate.php:clear_first","message":"attempting clear_first delete prepare","data":{"session_id":2,"semester":2,"section":"A"},"timestamp":1776759039739}
{"sessionId":"1e6561","runId":"initial","hypothesisId":"H6","location":"actions\/generate.php:clear_first_prepare","message":"clear_first prepare result","data":{"prepare_ok":true,"db_error":""},"timestamp":1776759039740}
{"sessionId":"1e6561","runId":"initial","hypothesisId":"H3","location":"actions\/generate.php:success","message":"generate finished","data":{"inserted":1,"unplaced_count":4,"elapsed_seconds":1776759031.8},"timestamp":1776759039801}
{"sessionId":"1e6561","runId":"initial","hypothesisId":"H6","location":"actions\/generate.php:shutdown","message":"php shutdown with last error","data":{"type":2,"message":"A non-numeric value encountered","file":"C:\\xampp\\htdocs\\assigmentupdated\\project\\actions\\generate.php","line":1014},"timestamp":1776759039802}
{"sessionId":"1e6561","runId":"initial","hypothesisId":"H1","location":"actions\/generate.php:entry","message":"generate endpoint hit","data":{"method":"POST","content_type":"application\/json","session_role":"admin","has_user_id":true},"timestamp":1776759053218}
{"sessionId":"1e6561","runId":"post-fix","hypothesisId":"H6","location":"actions\/generate.php:ensure_course_faculty","message":"ensured course_faculty table exists","data":{"db_error":""},"timestamp":1776759053258}
{"sessionId":"1e6561","runId":"initial","hypothesisId":"H2","location":"actions\/generate.php:input","message":"parsed generate input","data":{"raw_len":94,"academic_session_id":2,"semester":2,"section":"A","clear_first":true,"input_keys":["academic_session_id","semester","section","clear_first","course_ids"]},"timestamp":1776759053259}
{"sessionId":"1e6561","runId":"initial","hypothesisId":"H6","location":"actions\/generate.php:checkpoint_after_input","message":"after input checkpoint","data":[],"timestamp":1776759053260}
{"sessionId":"1e6561","runId":"initial","hypothesisId":"H6","location":"actions\/generate.php:clear_first","message":"attempting clear_first delete prepare","data":{"session_id":2,"semester":2,"section":"A"},"timestamp":1776759053260}
{"sessionId":"1e6561","runId":"initial","hypothesisId":"H6","location":"actions\/generate.php:clear_first_prepare","message":"clear_first prepare result","data":{"prepare_ok":true,"db_error":""},"timestamp":1776759053261}
{"sessionId":"1e6561","runId":"initial","hypothesisId":"H3","location":"actions\/generate.php:success","message":"generate finished","data":{"inserted":1,"unplaced_count":4,"elapsed_seconds":1776759045.31},"timestamp":1776759053307}
{"sessionId":"1e6561","runId":"initial","hypothesisId":"H6","location":"actions\/generate.php:shutdown","message":"php shutdown with last error","data":{"type":2,"message":"A non-numeric value encountered","file":"C:\\xampp\\htdocs\\assigmentupdated\\project\\actions\\generate.php","line":1014},"timestamp":1776759053308}
